<TopLevel xmlns="urn:my.schema" xmlns:xsi="http://www.w3.org/2001/XMLSchema-instance">
  <Attr>
    <Attr1>1</Attr1>
    <XMLValue>xmlVal</XMLValue>
  </Attr>
  <Value Unit="Meter">1</Value>
</TopLevel>
