{
  "report1": [
    {
      "name": "column 1",
      "value": "NewTrade-expected"
    }
  ]
}